#-----------------------------------------------------------
# Vivado v2023.2 (64-bit)
# SW Build 4029153 on Fri Oct 13 20:13:54 MDT 2023
# IP Build 4028589 on Sat Oct 14 00:45:43 MDT 2023
# SharedData Build 4025554 on Tue Oct 10 17:18:54 MDT 2023
# Start of session at: Sun Jun  9 19:07:08 2024
# Process ID: 115638
# Current directory: /home/satishkumar/PC/Bluespec_sv/Learning/AdderCircuits/CarrySkip32/CSK_32/CSK_32.runs/impl_1
# Command line: vivado -log mkCSK32.vdi -applog -product Vivado -messageDb vivado.pb -mode batch -source mkCSK32.tcl -notrace
# Log file: /home/satishkumar/PC/Bluespec_sv/Learning/AdderCircuits/CarrySkip32/CSK_32/CSK_32.runs/impl_1/mkCSK32.vdi
# Journal file: /home/satishkumar/PC/Bluespec_sv/Learning/AdderCircuits/CarrySkip32/CSK_32/CSK_32.runs/impl_1/vivado.jou
# Running On: Satish-HP-Pav, OS: Linux, CPU Frequency: 4646.823 MHz, CPU Physical cores: 4, Host memory: 16494 MB
#-----------------------------------------------------------
source mkCSK32.tcl -notrace
