#-----------------------------------------------------------
# Vivado v2023.2 (64-bit)
# SW Build 4029153 on Fri Oct 13 20:13:54 MDT 2023
# IP Build 4028589 on Sat Oct 14 00:45:43 MDT 2023
# SharedData Build 4025554 on Tue Oct 10 17:18:54 MDT 2023
# Start of session at: Sun Jun  9 18:51:08 2024
# Process ID: 104093
# Current directory: /home/satishkumar/PC/Bluespec_sv/Learning/AdderCircuits/RippleCarry32/RCA_32/RCA_32.runs/impl_1
# Command line: vivado -log mkRCA32.vdi -applog -product Vivado -messageDb vivado.pb -mode batch -source mkRCA32.tcl -notrace
# Log file: /home/satishkumar/PC/Bluespec_sv/Learning/AdderCircuits/RippleCarry32/RCA_32/RCA_32.runs/impl_1/mkRCA32.vdi
# Journal file: /home/satishkumar/PC/Bluespec_sv/Learning/AdderCircuits/RippleCarry32/RCA_32/RCA_32.runs/impl_1/vivado.jou
# Running On: Satish-HP-Pav, OS: Linux, CPU Frequency: 3602.272 MHz, CPU Physical cores: 4, Host memory: 16494 MB
#-----------------------------------------------------------
source mkRCA32.tcl -notrace
